#
# There is insufficient memory for the Java Runtime Environment to continue.
# Native memory allocation (mmap) failed to map 264241152 bytes. Error detail: G1 virtual space
# Possible reasons:
#   The system is out of physical RAM or swap space
#   This process is running with CompressedOops enabled, and the Java Heap may be blocking the growth of the native heap
# Possible solutions:
#   Reduce memory load on the system
#   Increase physical memory or swap space
#   Check if swap backing store is full
#   Decrease Java heap size (-Xmx/-Xms)
#   Decrease number of Java threads
#   Decrease Java thread stack sizes (-Xss)
#   Set larger code cache with -XX:ReservedCodeCacheSize=
#   JVM is running with Zero Based Compressed Oops mode in which the Java heap is
#     placed in the first 32GB address space. The Java Heap base address is the
#     maximum limit for the native heap growth. Please use -XX:HeapBaseMinAddress
#     to set the Java Heap base and to place the Java Heap above 32GB virtual address.
# This output file may be truncated or incomplete.
#
#  Out of Memory Error (os_windows.cpp:3710), pid=23336, tid=23572
#
# JRE version:  (17.0.16+8) (build )
# Java VM: OpenJDK 64-Bit Server VM (17.0.16+8-LTS, mixed mode, emulated-client, sharing, tiered, compressed oops, compressed class ptrs, g1 gc, windows-amd64)
# No core dump will be written. Minidumps are not enabled by default on client versions of Windows
#

---------------  S U M M A R Y ------------

Command Line: -XX:TieredStopAtLevel=1 cal.example.POCEmpleado.EmpresarialesProyecto

Host: 12th Gen Intel(R) Core(TM) i5-12500H, 16 cores, 15G,  Windows 11 , 64 bit Build 26100 (10.0.26100.7019)
Time: Thu Oct 30 20:48:19 2025 Hora est. Pacífico, Sudamérica elapsed time: 0.011061 seconds (0d 0h 0m 0s)

---------------  T H R E A D  ---------------

Current thread (0x000001607704bac0):  JavaThread "Unknown thread" [_thread_in_vm, id=23572, stack(0x00000054bca00000,0x00000054bcb00000)]

Stack: [0x00000054bca00000,0x00000054bcb00000]
Native frames: (J=compiled Java code, j=interpreted, Vv=VM code, C=native code)
V  [jvm.dll+0x68ee19]
V  [jvm.dll+0x846249]
V  [jvm.dll+0x847fb8]
V  [jvm.dll+0x848643]
V  [jvm.dll+0x24cf6f]
V  [jvm.dll+0x68bde9]
V  [jvm.dll+0x6803aa]
V  [jvm.dll+0x30ffc0]
V  [jvm.dll+0x30fe62]
V  [jvm.dll+0x3173b9]
V  [jvm.dll+0x3695e9]
V  [jvm.dll+0x36981d]
V  [jvm.dll+0x2e683a]
V  [jvm.dll+0x2e7748]
V  [jvm.dll+0x8186fe]
V  [jvm.dll+0x377251]
V  [jvm.dll+0x7f6d45]
V  [jvm.dll+0x3fd00b]
V  [jvm.dll+0x3fec41]
C  [jli.dll+0x52f0]
C  [ucrtbase.dll+0x37b0]
C  [KERNEL32.DLL+0x2e8d7]
C  [ntdll.dll+0x8c53c]


---------------  P R O C E S S  ---------------

Threads class SMR info:
_java_thread_list=0x00007ffaf0187018, length=0, elements={
}

Java Threads: ( => current thread )

Other Threads:
  0x00000160770c0100 GCTaskThread "GC Thread#0" [stack: 0x00000054bcb00000,0x00000054bcc00000] [id=8924]
  0x00000160770d0a60 ConcurrentGCThread "G1 Main Marker" [stack: 0x00000054bcc00000,0x00000054bcd00000] [id=33808]
  0x00000160770d3000 ConcurrentGCThread "G1 Conc#0" [stack: 0x00000054bcd00000,0x00000054bce00000] [id=32836]

[error occurred during error reporting (printing all threads), id 0xc0000005, EXCEPTION_ACCESS_VIOLATION (0xc0000005) at pc=0x00007ffaef937307]

VM state: not at safepoint (not fully initialized)

VM Mutex/Monitor currently owned by a thread:  ([mutex/lock_event])
[0x0000016077047c20] Heap_lock - owner thread: 0x000001607704bac0

Heap address: 0x0000000705e00000, size: 4002 MB, Compressed Oops mode: Zero based, Oop shift amount: 3

CDS archive(s) mapped at: [0x0000000000000000-0x0000000000000000-0x0000000000000000), size 0, SharedBaseAddress: 0x0000000800000000, ArchiveRelocationMode: 1.
Narrow klass base: 0x0000000000000000, Narrow klass shift: 0, Narrow klass range: 0x0

GC Precious Log:
<Empty>

Heap:
 garbage-first heap   total 0K, used 0K [0x0000000705e00000, 0x0000000800000000)
  region size 2048K, 0 young (0K), 0 survivors (0K)

[error occurred during error reporting (printing heap information), id 0xc0000005, EXCEPTION_ACCESS_VIOLATION (0xc0000005) at pc=0x00007ffaefd28979]

GC Heap History (0 events):
No events

Dll operation events (1 events):
Event: 0.005 Loaded shared library C:\Users\Sebastian\.jdks\ms-17.0.16\bin\java.dll

Deoptimization events (0 events):
No events

Classes loaded (0 events):
No events

Classes unloaded (0 events):
No events

Classes redefined (0 events):
No events

Internal exceptions (0 events):
No events

VM Operations (0 events):
No events

Memory protections (0 events):
No events

Nmethod flushes (0 events):
No events

Events (0 events):
No events


Dynamic libraries:
0x00007ff696f10000 - 0x00007ff696f1e000 	C:\Users\Sebastian\.jdks\ms-17.0.16\bin\java.exe
0x00007ffbea100000 - 0x00007ffbea368000 	C:\WINDOWS\SYSTEM32\ntdll.dll
0x00007ffbe9c70000 - 0x00007ffbe9d39000 	C:\WINDOWS\System32\KERNEL32.DLL
0x00007ffbe7460000 - 0x00007ffbe7858000 	C:\WINDOWS\System32\KERNELBASE.dll
0x00007ffbe7310000 - 0x00007ffbe745b000 	C:\WINDOWS\System32\ucrtbase.dll
0x00007ffbde310000 - 0x00007ffbde32e000 	C:\Users\Sebastian\.jdks\ms-17.0.16\bin\VCRUNTIME140.dll
0x00007ffbde1c0000 - 0x00007ffbde1d8000 	C:\Users\Sebastian\.jdks\ms-17.0.16\bin\jli.dll
0x00007ffbe98c0000 - 0x00007ffbe9a87000 	C:\WINDOWS\System32\USER32.dll
0x00007ffbe7bb0000 - 0x00007ffbe7bd7000 	C:\WINDOWS\System32\win32u.dll
0x00007ffbc9be0000 - 0x00007ffbc9e74000 	C:\WINDOWS\WinSxS\amd64_microsoft.windows.common-controls_6595b64144ccf1df_6.0.26100.7019_none_3e06ffa0e335b8a8\COMCTL32.dll
0x00007ffbe87b0000 - 0x00007ffbe87db000 	C:\WINDOWS\System32\GDI32.dll
0x00007ffbe7fd0000 - 0x00007ffbe8079000 	C:\WINDOWS\System32\msvcrt.dll
0x00007ffbe7910000 - 0x00007ffbe7a3c000 	C:\WINDOWS\System32\gdi32full.dll
0x00007ffbe7860000 - 0x00007ffbe7903000 	C:\WINDOWS\System32\msvcp_win.dll
0x00007ffbe9ac0000 - 0x00007ffbe9af1000 	C:\WINDOWS\System32\IMM32.DLL
0x00007ffbbe2c0000 - 0x00007ffbbe2cc000 	C:\Users\Sebastian\.jdks\ms-17.0.16\bin\vcruntime140_1.dll
0x00007ffba8ef0000 - 0x00007ffba8f79000 	C:\Users\Sebastian\.jdks\ms-17.0.16\bin\msvcp140.dll
0x00007ffaef640000 - 0x00007ffaf02ba000 	C:\Users\Sebastian\.jdks\ms-17.0.16\bin\server\jvm.dll
0x00007ffbe9e40000 - 0x00007ffbe9ef4000 	C:\WINDOWS\System32\ADVAPI32.dll
0x00007ffbe9670000 - 0x00007ffbe9716000 	C:\WINDOWS\System32\sechost.dll
0x00007ffbe8410000 - 0x00007ffbe8528000 	C:\WINDOWS\System32\RPCRT4.dll
0x00007ffbe8530000 - 0x00007ffbe85a4000 	C:\WINDOWS\System32\WS2_32.dll
0x00007ffbe70b0000 - 0x00007ffbe710e000 	C:\WINDOWS\SYSTEM32\POWRPROF.dll
0x00007ffbdbb00000 - 0x00007ffbdbb0b000 	C:\WINDOWS\SYSTEM32\VERSION.dll
0x00007ffbdbac0000 - 0x00007ffbdbaf5000 	C:\WINDOWS\SYSTEM32\WINMM.dll
0x00007ffbe7090000 - 0x00007ffbe70a4000 	C:\WINDOWS\SYSTEM32\UMPDC.dll
0x00007ffbe6010000 - 0x00007ffbe602b000 	C:\WINDOWS\SYSTEM32\kernel.appcore.dll
0x00007ffbaf6b0000 - 0x00007ffbaf6ba000 	C:\Users\Sebastian\.jdks\ms-17.0.16\bin\jimage.dll
0x00007ffbe4720000 - 0x00007ffbe4962000 	C:\WINDOWS\SYSTEM32\DBGHELP.DLL
0x00007ffbe8080000 - 0x00007ffbe840b000 	C:\WINDOWS\System32\combase.dll
0x00007ffbe87e0000 - 0x00007ffbe88b7000 	C:\WINDOWS\System32\OLEAUT32.dll
0x00007ffbc5480000 - 0x00007ffbc54bc000 	C:\WINDOWS\SYSTEM32\dbgcore.DLL
0x00007ffbe7be0000 - 0x00007ffbe7c85000 	C:\WINDOWS\System32\bcryptPrimitives.dll
0x00007ffbaf570000 - 0x00007ffbaf596000 	C:\Users\Sebastian\.jdks\ms-17.0.16\bin\java.dll

dbghelp: loaded successfully - version: 4.0.5 - missing functions: none
symbol engine: initialized successfully - sym options: 0x614 - pdb path: .;C:\Users\Sebastian\.jdks\ms-17.0.16\bin;C:\WINDOWS\SYSTEM32;C:\WINDOWS\WinSxS\amd64_microsoft.windows.common-controls_6595b64144ccf1df_6.0.26100.7019_none_3e06ffa0e335b8a8;C:\Users\Sebastian\.jdks\ms-17.0.16\bin\server

VM Arguments:
jvm_args: -XX:TieredStopAtLevel=1 
java_command: cal.example.POCEmpleado.EmpresarialesProyecto
java_class_path (initial): C:\src\EmpresarialesProyecto\EmpresarialesBackend\target\classes;C:\Users\Sebastian\.m2\repository\org\springframework\boot\spring-boot\3.5.5\spring-boot-3.5.5.jar;C:\Users\Sebastian\.m2\repository\org\springframework\boot\spring-boot-autoconfigure\3.5.5\spring-boot-autoconfigure-3.5.5.jar;C:\Users\Sebastian\.m2\repository\ch\qos\logback\logback-classic\1.5.18\logback-classic-1.5.18.jar;C:\Users\Sebastian\.m2\repository\ch\qos\logback\logback-core\1.5.18\logback-core-1.5.18.jar;C:\Users\Sebastian\.m2\repository\org\apache\logging\log4j\log4j-to-slf4j\2.24.3\log4j-to-slf4j-2.24.3.jar;C:\Users\Sebastian\.m2\repository\org\apache\logging\log4j\log4j-api\2.24.3\log4j-api-2.24.3.jar;C:\Users\Sebastian\.m2\repository\org\slf4j\jul-to-slf4j\2.0.17\jul-to-slf4j-2.0.17.jar;C:\Users\Sebastian\.m2\repository\jakarta\annotation\jakarta.annotation-api\2.1.1\jakarta.annotation-api-2.1.1.jar;C:\Users\Sebastian\.m2\repository\org\yaml\snakeyaml\2.4\snakeyaml-2.4.jar;C:\Users\Sebastian\.m2\repository\org\springframework\spring-aop\6.2.10\spring-aop-6.2.10.jar;C:\Users\Sebastian\.m2\repository\org\springframework\spring-beans\6.2.10\spring-beans-6.2.10.jar;C:\Users\Sebastian\.m2\repository\org\springframework\security\spring-security-config\6.5.3\spring-security-config-6.5.3.jar;C:\Users\Sebastian\.m2\repository\org\springframework\spring-context\6.2.10\spring-context-6.2.10.jar;C:\Users\Sebastian\.m2\repository\org\springframework\security\spring-security-web\6.5.3\spring-security-web-6.5.3.jar;C:\Users\Sebastian\.m2\repository\org\springframework\spring-expression\6.2.10\spring-expression-6.2.10.jar;C:\Users\Sebastian\.m2\repository\com\fasterxml\jackson\core\jackson-databind\2.19.2\jackson-databind-2.19.2.jar;C:\Users\Sebastian\.m2\repository\com\fasterxml\jackson\core\jackson-annotations\2.19.2\jackson-annotations-2.19.2.jar;C:\Users\Sebastian\.m2\repository\com\fasterxml\jackson\core\jackson-core\2.19.2\jackson-core-2.19.2.jar;C:\Users\Sebastian\.m2\
Launcher Type: SUN_STANDARD

[Global flags]
     intx CICompilerCount                          = 12                                        {product} {ergonomic}
     uint ConcGCThreads                            = 3                                         {product} {ergonomic}
     uint G1ConcRefinementThreads                  = 13                                        {product} {ergonomic}
   size_t G1HeapRegionSize                         = 2097152                                   {product} {ergonomic}
    uintx GCDrainStackTargetSize                   = 64                                        {product} {ergonomic}
   size_t InitialHeapSize                          = 264241152                                 {product} {ergonomic}
   size_t MarkStackSize                            = 4194304                                   {product} {ergonomic}
   size_t MaxHeapSize                              = 4196401152                                {product} {ergonomic}
   size_t MinHeapDeltaBytes                        = 2097152                                   {product} {ergonomic}
   size_t MinHeapSize                              = 8388608                                   {product} {ergonomic}
    uintx NonProfiledCodeHeapSize                  = 0                                      {pd product} {ergonomic}
     bool ProfileInterpreter                       = false                                  {pd product} {command line}
    uintx ProfiledCodeHeapSize                     = 0                                      {pd product} {ergonomic}
   size_t SoftMaxHeapSize                          = 4196401152                             {manageable} {ergonomic}
     intx TieredStopAtLevel                        = 1                                         {product} {command line}
     bool UseCompressedClassPointers               = true                           {product lp64_product} {ergonomic}
     bool UseCompressedOops                        = true                           {product lp64_product} {ergonomic}
     bool UseG1GC                                  = true                                      {product} {ergonomic}
     bool UseLargePagesIndividualAllocation        = false                                  {pd product} {ergonomic}

Logging:
Log output configuration:
 #0: stdout all=warning uptime,level,tags
 #1: stderr all=off uptime,level,tags

Environment Variables:
JAVA_HOME=C:\Users\Sebastian\.jdks\ms-17.0.16
PATH=C:\app\Sebastian\product\21c\dbhomeXE\bin;C:\Python313\Scripts\;C:\Python313\;C:\Windows\system32;C:\Windows;C:\Windows\System32\Wbem;C:\Windows\System32\WindowsPowerShell\v1.0\;C:\Windows\System32\OpenSSH\;C:\Program Files (x86)\NVIDIA Corporation\PhysX\Common;C:\Program Files\NVIDIA Corporation\NVIDIA NvDLISR;C:\Program Files\dotnet\;C:\WINDOWS\system32;C:\WINDOWS;C:\WINDOWS\System32\Wbem;C:\WINDOWS\System32\WindowsPowerShell\v1.0\;C:\WINDOWS\System32\OpenSSH\;C:\Program Files\Git\cmd;C:\Program Files\nodejs\;C:\ProgramData\chocolatey\bin;C:\Program Files\Go\bin;C:\TDM-GCC-64\bin;C:\Users\Sebastian\AppData\Local\Microsoft\WindowsApps;C:\Users\Sebastian\AppData\Local\Programs\Microsoft VS Code\bin;C:\Users\Sebastian\AppData\Local\GitHubDesktop\bin;C:\Program Files\MongoDB\Server\8.0\bin;C:\Users\Sebastian\AppData\Roaming\npm;C:\Users\Sebastian\.dotnet\tools;C:\Users\Sebastian\go\bin;C:\Program Files\JetBrains\IntelliJ IDEA 2025.2.4\bin;C:\Users\Sebastian\.jdks\ms-17.0.16\bin;
USERNAME=Sebastian
OS=Windows_NT
PROCESSOR_IDENTIFIER=Intel64 Family 6 Model 154 Stepping 3, GenuineIntel
TMP=C:\Users\SEBAST~1\AppData\Local\Temp
TEMP=C:\Users\SEBAST~1\AppData\Local\Temp



Periodic native trim disabled


---------------  S Y S T E M  ---------------

OS:
 Windows 11 , 64 bit Build 26100 (10.0.26100.7019)
OS uptime: 0 days 2:33 hours
Hyper-V role detected

CPU: total 16 (initial active 16) (8 cores per cpu, 2 threads per core) family 6 model 154 stepping 3 microcode 0x434, cx8, cmov, fxsr, ht, mmx, 3dnowpref, sse, sse2, sse3, ssse3, sse4.1, sse4.2, popcnt, lzcnt, tsc, tscinvbit, avx, avx2, aes, erms, clmul, bmi1, bmi2, adx, sha, fma, vzeroupper, clflush, clflushopt, clwb, hv
Processor Information for the first 16 processors :
  Max Mhz: 2500, Current Mhz: 2500, Mhz Limit: 2500

Memory: 4k page, system-wide physical 16004M (2095M free)
TotalPageFile size 41285M (AvailPageFile size 77M)
current process WorkingSet (physical memory assigned to process): 12M, peak: 12M
current process commit charge ("private bytes"): 66M, peak: 318M

vm_info: OpenJDK 64-Bit Server VM (17.0.16+8-LTS) for windows-amd64 JRE (17.0.16+8-LTS), built on Jul 10 2025 00:24:24 by "MicrosoftCorporation" with unknown MS VC++:1944

END.
